Run options: --seed 46061

# Running:



Finished in 0.000599s, 0.0000 runs/s, 0.0000 assertions/s.
0 runs, 0 assertions, 0 failures, 0 errors, 0 skips
